Watching for file changes with StatReloader
[26/May/2026 11:33:03] "POST /api/attacksurface/scan/ HTTP/1.1" 201 64
The system cannot find the path specified.
[26/May/2026 11:33:06] "GET /api/attacksurface/scan/18/ HTTP/1.1" 200 363
[26/May/2026 11:33:09] "GET /api/attacksurface/scan/18/ HTTP/1.1" 200 363
[26/May/2026 11:33:09] "GET /api/attacksurface/vulnerabilities/?org_id=1&scan=18 HTTP/1.1" 200 52
[26/May/2026 11:33:09] "GET /api/attacksurface/open-ports/?org_id=1&scan=18 HTTP/1.1" 200 52
[26/May/2026 11:33:09] "GET /api/attacksurface/technologies/?org_id=1&scan=18 HTTP/1.1" 200 52
[26/May/2026 11:33:09] "GET /api/attacksurface/subdomains/?org_id=1&scan=18 HTTP/1.1" 200 1693
[26/May/2026 11:33:09] "GET /api/attacksurface/endpoints/?org_id=1&scan=18 HTTP/1.1" 200 52
[26/May/2026 11:33:09] "GET /api/attacksurface/ssl-certificates/?org_id=1&scan=18 HTTP/1.1" 200 52
[26/May/2026 11:33:09] "GET /api/attacksurface/domains/?org_id=1 HTTP/1.1" 200 640
The system cannot find the path specified.
The system cannot find the path specified.
The system cannot find the path specified.
The system cannot find the path specified.
[26/May/2026 11:33:12] "GET /api/attacksurface/scan/18/ HTTP/1.1" 200 359
[26/May/2026 11:33:12] "GET /api/attacksurface/subdomains/?org_id=1&scan=18 HTTP/1.1" 200 1938
[26/May/2026 11:33:12] "GET /api/attacksurface/vulnerabilities/?org_id=1&scan=18 HTTP/1.1" 200 52
[26/May/2026 11:33:12] "GET /api/attacksurface/ssl-certificates/?org_id=1&scan=18 HTTP/1.1" 200 52
[26/May/2026 11:33:12] "GET /api/attacksurface/technologies/?org_id=1&scan=18 HTTP/1.1" 200 1202
[26/May/2026 11:33:12] "GET /api/attacksurface/endpoints/?org_id=1&scan=18 HTTP/1.1" 200 4638
[26/May/2026 11:33:12] "GET /api/attacksurface/open-ports/?org_id=1&scan=18 HTTP/1.1" 200 813
[26/May/2026 11:33:12] "GET /api/attacksurface/domains/?org_id=1 HTTP/1.1" 200 640
[26/May/2026 11:33:23] "GET /api/attacksurface/endpoints/?org_id=1 HTTP/1.1" 200 20269
[26/May/2026 11:33:23] "GET /api/attacksurface/endpoints/?org_id=1 HTTP/1.1" 200 20269
[26/May/2026 11:33:23] "GET /api/attacksurface/endpoints/?org_id=1&page=2 HTTP/1.1" 200 15620
[26/May/2026 11:33:23] "GET /api/attacksurface/endpoints/?org_id=1&page=2 HTTP/1.1" 200 15620
[26/May/2026 11:33:25] "GET /api/attacksurface/open-ports/?org_id=1 HTTP/1.1" 200 14197
[26/May/2026 11:33:25] "GET /api/attacksurface/open-ports/?org_id=1 HTTP/1.1" 200 14197
[26/May/2026 11:33:25] "GET /api/attacksurface/open-ports/?org_id=1&page=2 HTTP/1.1" 200 550
[26/May/2026 11:33:25] "GET /api/attacksurface/open-ports/?org_id=1&page=2 HTTP/1.1" 200 550
[26/May/2026 11:33:27] "GET /api/attacksurface/directories/?org_id=1 HTTP/1.1" 200 2909
[26/May/2026 11:33:27] "GET /api/attacksurface/directories/?org_id=1 HTTP/1.1" 200 2909
[26/May/2026 11:33:36] "GET /api/attacksurface/technologies/?org_id=1 HTTP/1.1" 200 7613
[26/May/2026 11:33:36] "GET /api/attacksurface/technologies/?org_id=1 HTTP/1.1" 200 7613
[26/May/2026 11:33:39] "GET /api/attacksurface/vulnerabilities/?org_id=1 HTTP/1.1" 200 1857
[26/May/2026 11:33:39] "GET /api/attacksurface/vulnerabilities/?org_id=1 HTTP/1.1" 200 1857
[26/May/2026 11:33:44] "GET /api/attacksurface/ssl-certificates/?org_id=1 HTTP/1.1" 200 1413
[26/May/2026 11:33:44] "GET /api/attacksurface/ssl-certificates/?org_id=1 HTTP/1.1" 200 1413
Unauthorized: /api/scans/history/
[26/May/2026 11:34:11] "GET /api/scans/history/ HTTP/1.1" 401 172
Unauthorized: /api/scans/history/
[26/May/2026 11:34:11] "GET /api/scans/history/ HTTP/1.1" 401 172
Unauthorized: /api/scans/
[26/May/2026 11:34:11] "GET /api/scans/ HTTP/1.1" 401 172
Unauthorized: /api/scans/
[26/May/2026 11:34:11] "GET /api/scans/ HTTP/1.1" 401 172
Unauthorized: /api/scans/history/
[26/May/2026 11:34:13] "GET /api/scans/history/ HTTP/1.1" 401 172
Unauthorized: /api/scans/
[26/May/2026 11:34:13] "GET /api/scans/ HTTP/1.1" 401 172
[26/May/2026 11:34:16] "GET /api/attacksurface/ssl-certificates/?org_id=1 HTTP/1.1" 200 1413
[26/May/2026 11:34:16] "GET /api/attacksurface/ssl-certificates/?org_id=1 HTTP/1.1" 200 1413
[26/May/2026 11:34:23] "GET / HTTP/1.1" 200 1810
Not Found: /favicon.ico
[26/May/2026 11:34:24] "GET /favicon.ico HTTP/1.1" 404 4336
[26/May/2026 11:34:41] "GET /admin/ HTTP/1.1" 302 0
[26/May/2026 11:34:41] "GET /admin/login/?next=/admin/ HTTP/1.1" 200 4177
[26/May/2026 11:34:41] "GET /static/admin/css/base.css HTTP/1.1" 304 0
[26/May/2026 11:34:41] "GET /static/admin/css/dark_mode.css HTTP/1.1" 304 0
[26/May/2026 11:34:41] "GET /static/admin/css/nav_sidebar.css HTTP/1.1" 304 0
[26/May/2026 11:34:41] "GET /static/admin/css/login.css HTTP/1.1" 304 0
[26/May/2026 11:34:41] "GET /static/admin/css/responsive.css HTTP/1.1" 304 0
[26/May/2026 11:34:41] "GET /static/admin/js/theme.js HTTP/1.1" 304 0
[26/May/2026 11:34:41] "GET /static/admin/js/nav_sidebar.js HTTP/1.1" 304 0
[26/May/2026 11:34:52] "POST /admin/login/?next=/admin/ HTTP/1.1" 200 4345
[26/May/2026 11:35:02] "POST /admin/login/?next=/admin/ HTTP/1.1" 200 4345
[26/May/2026 11:35:46,446] - Broken pipe from ('127.0.0.1', 61394)
[26/May/2026 11:35:48] "POST /admin/login/?next=/admin/ HTTP/1.1" 302 0
[26/May/2026 11:35:48] "GET /admin/ HTTP/1.1" 200 33978
[26/May/2026 11:35:48] "GET /static/admin/css/dashboard.css HTTP/1.1" 304 0
[26/May/2026 11:35:48] "GET /static/admin/img/icon-changelink.svg HTTP/1.1" 304 0
[26/May/2026 11:35:48] "GET /static/admin/img/icon-addlink.svg HTTP/1.1" 304 0
[26/May/2026 11:35:53] "GET /admin/attacksurface/vulnerabilityresult/ HTTP/1.1" 200 31270
[26/May/2026 11:35:53] "GET /static/admin/js/vendor/jquery/jquery.js HTTP/1.1" 304 0
[26/May/2026 11:35:53] "GET /static/admin/css/changelists.css HTTP/1.1" 304 0
[26/May/2026 11:35:53] "GET /static/admin/js/jquery.init.js HTTP/1.1" 304 0
[26/May/2026 11:35:53] "GET /static/admin/js/core.js HTTP/1.1" 304 0
[26/May/2026 11:35:53] "GET /static/admin/js/admin/RelatedObjectLookups.js HTTP/1.1" 304 0
[26/May/2026 11:35:53] "GET /static/admin/js/actions.js HTTP/1.1" 304 0
[26/May/2026 11:35:53] "GET /static/admin/js/urlify.js HTTP/1.1" 304 0
[26/May/2026 11:35:53] "GET /static/admin/js/prepopulate.js HTTP/1.1" 304 0
[26/May/2026 11:35:53] "GET /static/admin/js/vendor/xregexp/xregexp.js HTTP/1.1" 304 0
[26/May/2026 11:35:53] "GET /static/admin/js/filters.js HTTP/1.1" 304 0
[26/May/2026 11:35:53] "GET /admin/jsi18n/ HTTP/1.1" 200 3342
[26/May/2026 11:35:53] "GET /static/admin/img/tooltag-add.svg HTTP/1.1" 304 0
[26/May/2026 11:35:57] "GET /admin/attacksurface/vulnerabilityresult/10/change/ HTTP/1.1" 200 38344
[26/May/2026 11:35:57] "GET /admin/jsi18n/ HTTP/1.1" 200 3342
[26/May/2026 11:35:58] "GET /static/admin/css/forms.css HTTP/1.1" 200 8525
[26/May/2026 11:35:58] "GET /static/admin/img/icon-viewlink.svg HTTP/1.1" 304 0
[26/May/2026 11:35:58] "GET /static/admin/css/widgets.css HTTP/1.1" 200 11973
[26/May/2026 11:35:58] "GET /static/admin/js/prepopulate_init.js HTTP/1.1" 200 586
[26/May/2026 11:35:58] "GET /static/admin/js/change_form.js HTTP/1.1" 200 606
[26/May/2026 11:36:31] "POST /admin/attacksurface/vulnerabilityresult/10/change/ HTTP/1.1" 302 0
[26/May/2026 11:36:31] "GET /admin/attacksurface/vulnerabilityresult/ HTTP/1.1" 200 31520
[26/May/2026 11:36:31] "GET /admin/jsi18n/ HTTP/1.1" 200 3342
[26/May/2026 11:36:31] "GET /static/admin/img/icon-yes.svg HTTP/1.1" 304 0
[26/May/2026 11:36:34] "GET /admin/attacksurface/vulnerabilityresult/10/change/ HTTP/1.1" 200 38352
[26/May/2026 11:36:34] "GET /admin/jsi18n/ HTTP/1.1" 200 3342
[26/May/2026 11:36:46] "GET /api/attacksurface/ssl-certificates/?org_id=1 HTTP/1.1" 200 1413
[26/May/2026 11:36:46] "GET /api/attacksurface/ssl-certificates/?org_id=1 HTTP/1.1" 200 1413
[26/May/2026 11:36:48] "GET /api/attacksurface/ssl-certificates/?org_id=1 HTTP/1.1" 200 1413
[26/May/2026 11:36:48] "GET /api/attacksurface/ssl-certificates/?org_id=1 HTTP/1.1" 200 1413
[26/May/2026 11:36:48] "GET /api/attacksurface/ssl-certificates/?org_id=1 HTTP/1.1" 200 1413
[26/May/2026 11:36:48] "GET /api/attacksurface/ssl-certificates/?org_id=1 HTTP/1.1" 200 1413
[26/May/2026 11:36:49] "GET /api/attacksurface/ssl-certificates/?org_id=1 HTTP/1.1" 200 1413
[26/May/2026 11:36:49] "GET /api/attacksurface/ssl-certificates/?org_id=1 HTTP/1.1" 200 1413
[26/May/2026 11:36:49] "GET /api/attacksurface/ssl-certificates/?org_id=1 HTTP/1.1" 200 1413
[26/May/2026 11:36:49] "GET /api/attacksurface/ssl-certificates/?org_id=1 HTTP/1.1" 200 1413
[26/May/2026 11:36:49] "GET /api/attacksurface/ssl-certificates/?org_id=1 HTTP/1.1" 200 1413
[26/May/2026 11:36:49] "GET /api/attacksurface/ssl-certificates/?org_id=1 HTTP/1.1" 200 1413
[26/May/2026 11:36:53] "GET /api/attacksurface/vulnerabilities/?org_id=1 HTTP/1.1" 200 1865
[26/May/2026 11:36:53] "GET /api/attacksurface/vulnerabilities/?org_id=1 HTTP/1.1" 200 1865
C:\Users\kavya\Downloads\ASMM\ASMM\integrated_backend\attacksurface\views.py changed, reloading.
Watching for file changes with StatReloader
C:\Users\kavya\Downloads\ASMM\ASMM\integrated_backend\attacksurface\views.py changed, reloading.
Watching for file changes with StatReloader
